../Drivers/CMSIS/Include/core_cm4.h:2064:26:ITM_SendChar	16	static,ignoring_inline_asm
../Core/Src/main.c:86:5:__io_putchar	16	static
../Core/Src/main.c:96:5:main	24	static,ignoring_inline_asm
../Core/Src/main.c:187:6:SystemClock_Config	88	static
../Core/Src/main.c:229:13:MX_SPI1_Init	8	static
../Core/Src/main.c:267:13:MX_GPIO_Init	40	static
../Core/Src/main.c:310:5:Check_BUSY_bit	8	static
../Core/Src/main.c:320:6:Read_Data	16	static
../Core/Src/main.c:333:10:Find_end_of_firmware	16	static
../Core/Src/main.c:362:6:Erase_MCU	32	static,ignoring_inline_asm
../Core/Src/main.c:379:6:Write_MCU	48	static,ignoring_inline_asm
../Core/Src/main.c:415:6:Error_Handler	4	static,ignoring_inline_asm
